Klondike 3-Card Draw - Strategy Evaluation
==================================================

  [1,000/10,000] win_rate=0.1530 avg_foundation=13.8
  [2,000/10,000] win_rate=0.1385 avg_foundation=13.1
  [3,000/10,000] win_rate=0.1337 avg_foundation=12.9
  [4,000/10,000] win_rate=0.1375 avg_foundation=13.0
  [5,000/10,000] win_rate=0.1374 avg_foundation=13.0
  [6,000/10,000] win_rate=0.1387 avg_foundation=13.2
  [7,000/10,000] win_rate=0.1406 avg_foundation=13.2
  [8,000/10,000] win_rate=0.1399 avg_foundation=13.2
  [9,000/10,000] win_rate=0.1403 avg_foundation=13.2
  [10,000/10,000] win_rate=0.1415 avg_foundation=13.2

---
win_rate:         0.141500
wins:             1415
total_games:      10000
avg_foundation:   13.2
avg_moves:        68.4
total_seconds:    377.2

Strategy file: Q:\git\autoresearch\autosolitaire\strategy.py
Wall clock:    377.2s
